// Vitest Snapshot v1

exports[`CalendarHeader > renders CalendarHeader properly 1`] = `
"<div class=\\"calendar_header\\"><button date-testid=\\"button-prev-month\\" class=\\"calendar_header-left-button\\">
    <base-icon-stub name=\\"chevronLeft\\" color=\\"\\" size=\\"xs\\"></base-icon-stub>
  </button>
  <p class=\\"calendar_header-text\\">Janvier</p>
  <p class=\\"calendar_header-text\\">Fevrier</p><button date-testid=\\"button-next-month\\" disabled=\\"\\" class=\\"calendar_header-right-button\\">
    <base-icon-stub name=\\"chevronRight\\" color=\\"\\" size=\\"xs\\"></base-icon-stub>
  </button>
</div>"
`;

exports[`CalendarHeader > renders calendarHeader properly 1`] = `
"<div class=\\"calendar_header\\"><button date-testid=\\"button-prev-month\\" class=\\"calendar_header-left-button\\">
    <base-icon-stub name=\\"chevronLeft\\" color=\\"\\" size=\\"xs\\"></base-icon-stub>
  </button>
  <p class=\\"calendar_header-text\\">Janvier</p>
  <p class=\\"calendar_header-text\\">Fevrier</p><button date-testid=\\"button-next-month\\" disabled=\\"\\" class=\\"calendar_header-right-button\\">
    <base-icon-stub name=\\"chevronRight\\" color=\\"\\" size=\\"xs\\"></base-icon-stub>
  </button>
</div>"
`;
