// Vitest Snapshot v1, https://vitest.dev/guide/snapshot.html

exports[`Calendar > renders Calendar properly 1`] = `
"<div class="vue-calendar">
  <div class="calendar_input calendar_input-open">
    <div data-testid="calendar_input" class="calendar_input-left-part"><svg class="calendar_input-calendar calendar_input-calendar--checkIn" style="width: 1.5rem; height: 1.5rem;" stroke-width="1" stroke-linecap="round" stroke-linejoin="round" fill="none" stroke="currentColor" viewBox="0 0 24 24">
        <path clip-rule="evenodd" d="M15 4V2m0 2v2m0-2h-4.5M3 10v9a2 2 0 002 2h14a2 2 0 002-2v-9H3zM3 10V6a2 2 0 012-2h2M7 2v4M21 10V6a2 2 0 00-2-2h-.5"></path>
      </svg>
      <p class="calendar_input-text"><span data-testid="checkIn" class="calendar_input-text--checkIn">2026-04-01</span><svg class="calendar_input-arrowRight calendar_input-arrowRight--checkIn" style="width: 1rem; height: 1rem;" stroke-width="1.5" stroke-linecap="round" stroke-linejoin="round" fill="none" stroke="currentColor" viewBox="0 0 24 24">
          <path clip-rule="evenodd" d="M3 12h18m0 0l-8.5-8.5M21 12l-8.5 8.5"></path>
        </svg><span data-testid="checkOut" class="calendar_input-text--checkIn">2026-04-20</span></p>
    </div><svg class="" style="width: 1rem; height: 1rem;" stroke-width="1.5" stroke-linecap="round" stroke-linejoin="round" fill="none" stroke="currentColor" viewBox="0 0 24 24">
      <path clip-rule="evenodd" d="M6.758 17.243L12.001 12m5.243-5.243L12 12m0 0L6.758 6.757M12.001 12l5.243 5.243"></path>
    </svg>
  </div>
  <div>
    <div class="calendar_paginate-wrapper" data-testid="calendar_paginate">
      <div class="calendar_paginate-wrapper--left-content"><button data-testid="calendar_paginate-prev--button" type="button" disabled="" class="calendar_paginate-button"><svg class="" style="width: 1.5rem; height: 1.5rem;" stroke-width="1" stroke-linecap="round" stroke-linejoin="round" fill="none" stroke="currentColor" viewBox="0 0 24 24">
            <path clip-rule="evenodd" d="M15 6l-6 6 6 6"></path>
          </svg></button>
        <div class="calendar_paginate-year"><span>2022</span></div><button data-testid="calendar_paginate-next--button" type="button" class="calendar_paginate-button"><svg class="" style="width: 1.5rem; height: 1.5rem;" stroke-width="1" stroke-linecap="round" stroke-linejoin="round" fill="none" stroke="currentColor" viewBox="0 0 24 24">
            <path clip-rule="evenodd" d="M9 6l6 6-6 6"></path>
          </svg></button><button type="button" class="calendar_today-button">Aujourd'hui</button>
      </div>
    </div>
  </div>
  <div class="calendar_wrapper calendar_wrapper--left calendar_wrapper--visible">
    <!--v-if-->
    <!--v-if-->
    <div class="calendar_wrapper_content">
      <div class="calendar_wrap_month"><span class="calendar_wrapper_month">janvier  2022</span><!-- Mobile header -->
        <ul class="vuedatepicker-pl-0 vuedatepicker-grid vuedatepicker-grid-cols-7 vuedatepicker-pt-5 vuedatepicker-pb-1.5">
          <li class="calendar-days vuedatepicker-text-[14px] vuedatepicker-text-center">Lun. </li>
          <li class="calendar-days vuedatepicker-text-[14px] vuedatepicker-text-center">Mar. </li>
          <li class="calendar-days vuedatepicker-text-[14px] vuedatepicker-text-center">Mer. </li>
          <li class="calendar-days vuedatepicker-text-[14px] vuedatepicker-text-center">Jeu. </li>
          <li class="calendar-days vuedatepicker-text-[14px] vuedatepicker-text-center">Ven. </li>
          <li class="calendar-days vuedatepicker-text-[14px] vuedatepicker-text-center">Sam. </li>
          <li class="calendar-days vuedatepicker-text-[14px] vuedatepicker-text-center">Dim. </li>
        </ul>
        <!--v-if-->
        <!-- Mobile header -->
        <div class="calendar_wrapper_content-days">
          <div class="calendar_day-wrap calendar_day-wrap-tooltip--left calendar_day-wrap--no-border calendar_day-wrap--disabled" data-testid="daywrap-2021-12-27">
            <!--v-if--><span></span>
          </div>
          <div class="calendar_day-wrap calendar_day-wrap-tooltip--left calendar_day-wrap--no-border calendar_day-wrap--disabled" data-testid="daywrap-2021-12-28">
            <!--v-if--><span></span>
          </div>
          <div class="calendar_day-wrap calendar_day-wrap-tooltip--center calendar_day-wrap--no-border calendar_day-wrap--disabled" data-testid="daywrap-2021-12-29">
            <!--v-if--><span></span>
          </div>
          <div class="calendar_day-wrap calendar_day-wrap-tooltip--center calendar_day-wrap--no-border calendar_day-wrap--disabled" data-testid="daywrap-2021-12-30">
            <!--v-if--><span></span>
          </div>
          <div class="calendar_day-wrap calendar_day-wrap-tooltip--center calendar_day-wrap--no-border calendar_day-wrap--disabled" data-testid="daywrap-2021-12-31">
            <!--v-if--><span></span>
          </div>
          <div class="calendar_day-wrap calendar_day-wrap-tooltip--right calendar_day-wrap--disabled" data-testid="daywrap-2022-01-01">
            <!--v-if--><button type="button" class="calendar_day z-5" data-testid="day-2022-01-01">
              <!-- Half day for CheckIn -->
              <!--v-if-->
              <!-- Half day for CheckOut -->
              <!--v-if-->
              <!-- Half day for Booking and Periods  -->
              <!--v-if-->
              <!--v-if--><span class="calendar_day--day-number">1</span>
            </button>
          </div>
          <div class="calendar_day-wrap calendar_day-wrap-tooltip--right calendar_day-wrap--disabled" data-testid="daywrap-2022-01-02">
            <!--v-if--><button type="button" class="calendar_day z-5" data-testid="day-2022-01-02">
              <!-- Half day for CheckIn -->
              <!--v-if-->
              <!-- Half day for CheckOut -->
              <!--v-if-->
              <!-- Half day for Booking and Periods  -->
              <!--v-if-->
              <!--v-if--><span class="calendar_day--day-number">2</span>
            </button>
          </div>
          <div class="calendar_day-wrap calendar_day-wrap-tooltip--left calendar_day-wrap--disabled" data-testid="daywrap-2022-01-03">
            <!--v-if--><button type="button" class="calendar_day z-5" data-testid="day-2022-01-03">
              <!-- Half day for CheckIn -->
              <!--v-if-->
              <!-- Half day for CheckOut -->
              <!--v-if-->
              <!-- Half day for Booking and Periods  -->
              <!--v-if-->
              <!--v-if--><span class="calendar_day--day-number">3</span>
            </button>
          </div>
          <div class="calendar_day-wrap calendar_day-wrap-tooltip--left calendar_day-wrap--disabled" data-testid="daywrap-2022-01-04">
            <!--v-if--><button type="button" class="calendar_day z-5" data-testid="day-2022-01-04">
              <!-- Half day for CheckIn -->
              <!--v-if-->
              <!-- Half day for CheckOut -->
              <!--v-if-->
              <!-- Half day for Booking and Periods  -->
              <!--v-if-->
              <!--v-if--><span class="calendar_day--day-number">4</span>
            </button>
          </div>
          <div class="calendar_day-wrap calendar_day-wrap-tooltip--center calendar_day-wrap--disabled" data-testid="daywrap-2022-01-05">
            <!--v-if--><button type="button" class="calendar_day z-5" data-testid="day-2022-01-05">
              <!-- Half day for CheckIn -->
              <!--v-if-->
              <!-- Half day for CheckOut -->
              <!--v-if-->
              <!-- Half day for Booking and Periods  -->
              <!--v-if-->
              <!--v-if--><span class="calendar_day--day-number">5</span>
            </button>
          </div>
          <div class="calendar_day-wrap calendar_day-wrap-tooltip--center calendar_day-wrap--disabled" data-testid="daywrap-2022-01-06">
            <!--v-if--><button type="button" class="calendar_day z-5" data-testid="day-2022-01-06">
              <!-- Half day for CheckIn -->
              <!--v-if-->
              <!-- Half day for CheckOut -->
              <!--v-if-->
              <!-- Half day for Booking and Periods  -->
              <!--v-if-->
              <!--v-if--><span class="calendar_day--day-number">6</span>
            </button>
          </div>
          <div class="calendar_day-wrap calendar_day-wrap-tooltip--center calendar_day-wrap--disabled" data-testid="daywrap-2022-01-07">
            <!--v-if--><button type="button" class="calendar_day z-5" data-testid="day-2022-01-07">
              <!-- Half day for CheckIn -->
              <!--v-if-->
              <!-- Half day for CheckOut -->
              <!--v-if-->
              <!-- Half day for Booking and Periods  -->
              <!--v-if-->
              <!--v-if--><span class="calendar_day--day-number">7</span>
            </button>
          </div>
          <div class="calendar_day-wrap calendar_day-wrap-tooltip--right calendar_day-wrap--disabled" data-testid="daywrap-2022-01-08">
            <!--v-if--><button type="button" class="calendar_day z-5" data-testid="day-2022-01-08">
              <!-- Half day for CheckIn -->
              <!--v-if-->
              <!-- Half day for CheckOut -->
              <!--v-if-->
              <!-- Half day for Booking and Periods  -->
              <!--v-if-->
              <!--v-if--><span class="calendar_day--day-number">8</span>
            </button>
          </div>
          <div class="calendar_day-wrap calendar_day-wrap-tooltip--right calendar_day-wrap--disabled" data-testid="daywrap-2022-01-09">
            <!--v-if--><button type="button" class="calendar_day z-5" data-testid="day-2022-01-09">
              <!-- Half day for CheckIn -->
              <!--v-if-->
              <!-- Half day for CheckOut -->
              <!--v-if-->
              <!-- Half day for Booking and Periods  -->
              <!--v-if-->
              <!--v-if--><span class="calendar_day--day-number">9</span>
            </button>
          </div>
          <div class="calendar_day-wrap calendar_day-wrap-tooltip--left calendar_day-wrap--disabled" data-testid="daywrap-2022-01-10">
            <!--v-if--><button type="button" class="calendar_day z-5" data-testid="day-2022-01-10">
              <!-- Half day for CheckIn -->
              <!--v-if-->
              <!-- Half day for CheckOut -->
              <!--v-if-->
              <!-- Half day for Booking and Periods  -->
              <!--v-if-->
              <!--v-if--><span class="calendar_day--day-number">10</span>
            </button>
          </div>
          <div class="calendar_day-wrap calendar_day-wrap-tooltip--left calendar_day-wrap--disabled" data-testid="daywrap-2022-01-11">
            <!--v-if--><button type="button" class="calendar_day z-5" data-testid="day-2022-01-11">
              <!-- Half day for CheckIn -->
              <!--v-if-->
              <!-- Half day for CheckOut -->
              <!--v-if-->
              <!-- Half day for Booking and Periods  -->
              <!--v-if-->
              <!--v-if--><span class="calendar_day--day-number">11</span>
            </button>
          </div>
          <div class="calendar_day-wrap calendar_day-wrap-tooltip--center calendar_day-wrap--disabled" data-testid="daywrap-2022-01-12">
            <!--v-if--><button type="button" class="calendar_day z-5" data-testid="day-2022-01-12">
              <!-- Half day for CheckIn -->
              <!--v-if-->
              <!-- Half day for CheckOut -->
              <!--v-if-->
              <!-- Half day for Booking and Periods  -->
              <!--v-if-->
              <!--v-if--><span class="calendar_day--day-number">12</span>
            </button>
          </div>
          <div class="calendar_day-wrap calendar_day-wrap-tooltip--center calendar_day-wrap--disabled" data-testid="daywrap-2022-01-13">
            <!--v-if--><button type="button" class="calendar_day z-5" data-testid="day-2022-01-13">
              <!-- Half day for CheckIn -->
              <!--v-if-->
              <!-- Half day for CheckOut -->
              <!--v-if-->
              <!-- Half day for Booking and Periods  -->
              <!--v-if-->
              <!--v-if--><span class="calendar_day--day-number">13</span>
            </button>
          </div>
          <div class="calendar_day-wrap calendar_day-wrap-tooltip--center calendar_day-wrap--disabled" data-testid="daywrap-2022-01-14">
            <!--v-if--><button type="button" class="calendar_day z-5" data-testid="day-2022-01-14">
              <!-- Half day for CheckIn -->
              <!--v-if-->
              <!-- Half day for CheckOut -->
              <!--v-if-->
              <!-- Half day for Booking and Periods  -->
              <!--v-if-->
              <!--v-if--><span class="calendar_day--day-number">14</span>
            </button>
          </div>
          <div class="calendar_day-wrap calendar_day-wrap-tooltip--right calendar_day-wrap--disabled" data-testid="daywrap-2022-01-15">
            <!--v-if--><button type="button" class="calendar_day z-5" data-testid="day-2022-01-15">
              <!-- Half day for CheckIn -->
              <!--v-if-->
              <!-- Half day for CheckOut -->
              <!--v-if-->
              <!-- Half day for Booking and Periods  -->
              <!--v-if-->
              <!--v-if--><span class="calendar_day--day-number">15</span>
            </button>
          </div>
          <div class="calendar_day-wrap calendar_day-wrap-tooltip--right calendar_day-wrap--disabled" data-testid="daywrap-2022-01-16">
            <!--v-if--><button type="button" class="calendar_day z-5" data-testid="day-2022-01-16">
              <!-- Half day for CheckIn -->
              <!--v-if-->
              <!-- Half day for CheckOut -->
              <!--v-if-->
              <!-- Half day for Booking and Periods  -->
              <!--v-if-->
              <!--v-if--><span class="calendar_day--day-number">16</span>
            </button>
          </div>
          <div class="calendar_day-wrap calendar_day-wrap-tooltip--left calendar_day-wrap--disabled" data-testid="daywrap-2022-01-17">
            <!--v-if--><button type="button" class="calendar_day z-5" data-testid="day-2022-01-17">
              <!-- Half day for CheckIn -->
              <!--v-if-->
              <!-- Half day for CheckOut -->
              <!--v-if-->
              <!-- Half day for Booking and Periods  -->
              <!--v-if-->
              <!--v-if--><span class="calendar_day--day-number">17</span>
            </button>
          </div>
          <div class="calendar_day-wrap calendar_day-wrap-tooltip--left calendar_day-wrap--disabled" data-testid="daywrap-2022-01-18">
            <!--v-if--><button type="button" class="calendar_day z-5" data-testid="day-2022-01-18">
              <!-- Half day for CheckIn -->
              <!--v-if-->
              <!-- Half day for CheckOut -->
              <!--v-if-->
              <!-- Half day for Booking and Periods  -->
              <!--v-if-->
              <!--v-if--><span class="calendar_day--day-number">18</span>
            </button>
          </div>
          <div class="calendar_day-wrap calendar_day-wrap-tooltip--center calendar_day-wrap--disabled" data-testid="daywrap-2022-01-19">
            <!--v-if--><button type="button" class="calendar_day z-5" data-testid="day-2022-01-19">
              <!-- Half day for CheckIn -->
              <!--v-if-->
              <!-- Half day for CheckOut -->
              <!--v-if-->
              <!-- Half day for Booking and Periods  -->
              <!--v-if-->
              <!--v-if--><span class="calendar_day--day-number">19</span>
            </button>
          </div>
          <div class="calendar_day-wrap calendar_day-wrap-tooltip--center calendar_day-wrap--disabled" data-testid="daywrap-2022-01-20">
            <!--v-if--><button type="button" class="calendar_day z-5" data-testid="day-2022-01-20">
              <!-- Half day for CheckIn -->
              <!--v-if-->
              <!-- Half day for CheckOut -->
              <!--v-if-->
              <!-- Half day for Booking and Periods  -->
              <!--v-if-->
              <!--v-if--><span class="calendar_day--day-number">20</span>
            </button>
          </div>
          <div class="calendar_day-wrap calendar_day-wrap-tooltip--center calendar_day-wrap--disabled" data-testid="daywrap-2022-01-21">
            <!--v-if--><button type="button" class="calendar_day z-5" data-testid="day-2022-01-21">
              <!-- Half day for CheckIn -->
              <!--v-if-->
              <!-- Half day for CheckOut -->
              <!--v-if-->
              <!-- Half day for Booking and Periods  -->
              <!--v-if-->
              <!--v-if--><span class="calendar_day--day-number">21</span>
            </button>
          </div>
          <div class="calendar_day-wrap calendar_day-wrap-tooltip--right calendar_day-wrap--disabled" data-testid="daywrap-2022-01-22">
            <!--v-if--><button type="button" class="calendar_day z-5" data-testid="day-2022-01-22">
              <!-- Half day for CheckIn -->
              <!--v-if-->
              <!-- Half day for CheckOut -->
              <!--v-if-->
              <!-- Half day for Booking and Periods  -->
              <!--v-if-->
              <!--v-if--><span class="calendar_day--day-number">22</span>
            </button>
          </div>
          <div class="calendar_day-wrap calendar_day-wrap-tooltip--right calendar_day-wrap--disabled" data-testid="daywrap-2022-01-23">
            <!--v-if--><button type="button" class="calendar_day z-5" data-testid="day-2022-01-23">
              <!-- Half day for CheckIn -->
              <!--v-if-->
              <!-- Half day for CheckOut -->
              <!--v-if-->
              <!-- Half day for Booking and Periods  -->
              <!--v-if-->
              <!--v-if--><span class="calendar_day--day-number">23</span>
            </button>
          </div>
          <div class="calendar_day-wrap calendar_day-wrap-tooltip--left calendar_day-wrap--disabled" data-testid="daywrap-2022-01-24">
            <!--v-if--><button type="button" class="calendar_day z-5" data-testid="day-2022-01-24">
              <!-- Half day for CheckIn -->
              <!--v-if-->
              <!-- Half day for CheckOut -->
              <!--v-if-->
              <!-- Half day for Booking and Periods  -->
              <!--v-if-->
              <!--v-if--><span class="calendar_day--day-number">24</span>
            </button>
          </div>
          <div class="calendar_day-wrap calendar_day-wrap-tooltip--left calendar_day-wrap--disabled" data-testid="daywrap-2022-01-25">
            <!--v-if--><button type="button" class="calendar_day z-5" data-testid="day-2022-01-25">
              <!-- Half day for CheckIn -->
              <!--v-if-->
              <!-- Half day for CheckOut -->
              <!--v-if-->
              <!-- Half day for Booking and Periods  -->
              <!--v-if-->
              <!--v-if--><span class="calendar_day--day-number">25</span>
            </button>
          </div>
          <div class="calendar_day-wrap calendar_day-wrap-tooltip--center calendar_day-wrap--disabled" data-testid="daywrap-2022-01-26">
            <!--v-if--><button type="button" class="calendar_day z-5" data-testid="day-2022-01-26">
              <!-- Half day for CheckIn -->
              <!--v-if-->
              <!-- Half day for CheckOut -->
              <!--v-if-->
              <!-- Half day for Booking and Periods  -->
              <!--v-if-->
              <!--v-if--><span class="calendar_day--day-number">26</span>
            </button>
          </div>
          <div class="calendar_day-wrap calendar_day-wrap-tooltip--center calendar_day-wrap--disabled" data-testid="daywrap-2022-01-27">
            <!--v-if--><button type="button" class="calendar_day z-5" data-testid="day-2022-01-27">
              <!-- Half day for CheckIn -->
              <!--v-if-->
              <!-- Half day for CheckOut -->
              <!--v-if-->
              <!-- Half day for Booking and Periods  -->
              <!--v-if-->
              <!--v-if--><span class="calendar_day--day-number">27</span>
            </button>
          </div>
          <div class="calendar_day-wrap calendar_day-wrap-tooltip--center calendar_day-wrap--disabled" data-testid="daywrap-2022-01-28">
            <!--v-if--><button type="button" class="calendar_day z-5" data-testid="day-2022-01-28">
              <!-- Half day for CheckIn -->
              <!--v-if-->
              <!-- Half day for CheckOut -->
              <!--v-if-->
              <!-- Half day for Booking and Periods  -->
              <!--v-if-->
              <!--v-if--><span class="calendar_day--day-number">28</span>
            </button>
          </div>
          <div class="calendar_day-wrap calendar_day-wrap-tooltip--right calendar_day-wrap--disabled" data-testid="daywrap-2022-01-29">
            <!--v-if--><button type="button" class="calendar_day z-5" data-testid="day-2022-01-29">
              <!-- Half day for CheckIn -->
              <!--v-if-->
              <!-- Half day for CheckOut -->
              <!--v-if-->
              <!-- Half day for Booking and Periods  -->
              <!--v-if-->
              <!--v-if--><span class="calendar_day--day-number">29</span>
            </button>
          </div>
          <div class="calendar_day-wrap calendar_day-wrap-tooltip--right calendar_day-wrap--disabled" data-testid="daywrap-2022-01-30">
            <!--v-if--><button type="button" class="calendar_day z-5" data-testid="day-2022-01-30">
              <!-- Half day for CheckIn -->
              <!--v-if-->
              <!-- Half day for CheckOut -->
              <!--v-if-->
              <!-- Half day for Booking and Periods  -->
              <!--v-if-->
              <!--v-if--><span class="calendar_day--day-number">30</span>
            </button>
          </div>
          <div class="calendar_day-wrap calendar_day-wrap-tooltip--left calendar_day-wrap--disabled" data-testid="daywrap-2022-01-31">
            <!--v-if--><button type="button" class="calendar_day z-5" data-testid="day-2022-01-31">
              <!-- Half day for CheckIn -->
              <!--v-if-->
              <!-- Half day for CheckOut -->
              <!--v-if-->
              <!-- Half day for Booking and Periods  -->
              <!--v-if-->
              <!--v-if--><span class="calendar_day--day-number">31</span>
            </button>
          </div>
          <div class="calendar_day-wrap calendar_day-wrap-tooltip--left calendar_day-wrap--no-border calendar_day-wrap--disabled" data-testid="daywrap-2022-02-01">
            <!--v-if--><span></span>
          </div>
          <div class="calendar_day-wrap calendar_day-wrap-tooltip--center calendar_day-wrap--no-border calendar_day-wrap--disabled" data-testid="daywrap-2022-02-02">
            <!--v-if--><span></span>
          </div>
          <div class="calendar_day-wrap calendar_day-wrap-tooltip--center calendar_day-wrap--no-border calendar_day-wrap--disabled" data-testid="daywrap-2022-02-03">
            <!--v-if--><span></span>
          </div>
          <div class="calendar_day-wrap calendar_day-wrap-tooltip--center calendar_day-wrap--no-border calendar_day-wrap--disabled" data-testid="daywrap-2022-02-04">
            <!--v-if--><span></span>
          </div>
          <div class="calendar_day-wrap calendar_day-wrap-tooltip--right calendar_day-wrap--no-border calendar_day-wrap--disabled" data-testid="daywrap-2022-02-05">
            <!--v-if--><span></span>
          </div>
          <div class="calendar_day-wrap calendar_day-wrap-tooltip--right calendar_day-wrap--no-border calendar_day-wrap--disabled" data-testid="daywrap-2022-02-06">
            <!--v-if--><span></span>
          </div>
        </div>
      </div>
      <div class="calendar_wrap_month"><span class="calendar_wrapper_month">février  2022</span><!-- Mobile header -->
        <ul class="vuedatepicker-pl-0 vuedatepicker-grid vuedatepicker-grid-cols-7 vuedatepicker-pt-5 vuedatepicker-pb-1.5">
          <li class="calendar-days vuedatepicker-text-[14px] vuedatepicker-text-center">Lun. </li>
          <li class="calendar-days vuedatepicker-text-[14px] vuedatepicker-text-center">Mar. </li>
          <li class="calendar-days vuedatepicker-text-[14px] vuedatepicker-text-center">Mer. </li>
          <li class="calendar-days vuedatepicker-text-[14px] vuedatepicker-text-center">Jeu. </li>
          <li class="calendar-days vuedatepicker-text-[14px] vuedatepicker-text-center">Ven. </li>
          <li class="calendar-days vuedatepicker-text-[14px] vuedatepicker-text-center">Sam. </li>
          <li class="calendar-days vuedatepicker-text-[14px] vuedatepicker-text-center">Dim. </li>
        </ul>
        <!--v-if-->
        <!-- Mobile header -->
        <div class="calendar_wrapper_content-days">
          <div class="calendar_day-wrap calendar_day-wrap-tooltip--left calendar_day-wrap--no-border calendar_day-wrap--disabled" data-testid="daywrap-2022-01-31">
            <!--v-if--><span></span>
          </div>
          <div class="calendar_day-wrap calendar_day-wrap-tooltip--left calendar_day-wrap--disabled" data-testid="daywrap-2022-02-01">
            <!--v-if--><button type="button" class="calendar_day z-5" data-testid="day-2022-02-01">
              <!-- Half day for CheckIn -->
              <!--v-if-->
              <!-- Half day for CheckOut -->
              <!--v-if-->
              <!-- Half day for Booking and Periods  -->
              <!--v-if-->
              <!--v-if--><span class="calendar_day--day-number">1</span>
            </button>
          </div>
          <div class="calendar_day-wrap calendar_day-wrap-tooltip--center calendar_day-wrap--disabled" data-testid="daywrap-2022-02-02">
            <!--v-if--><button type="button" class="calendar_day z-5" data-testid="day-2022-02-02">
              <!-- Half day for CheckIn -->
              <!--v-if-->
              <!-- Half day for CheckOut -->
              <!--v-if-->
              <!-- Half day for Booking and Periods  -->
              <!--v-if-->
              <!--v-if--><span class="calendar_day--day-number">2</span>
            </button>
          </div>
          <div class="calendar_day-wrap calendar_day-wrap-tooltip--center calendar_day-wrap--disabled" data-testid="daywrap-2022-02-03">
            <!--v-if--><button type="button" class="calendar_day z-5" data-testid="day-2022-02-03">
              <!-- Half day for CheckIn -->
              <!--v-if-->
              <!-- Half day for CheckOut -->
              <!--v-if-->
              <!-- Half day for Booking and Periods  -->
              <!--v-if-->
              <!--v-if--><span class="calendar_day--day-number">3</span>
            </button>
          </div>
          <div class="calendar_day-wrap calendar_day-wrap-tooltip--center calendar_day-wrap--disabled" data-testid="daywrap-2022-02-04">
            <!--v-if--><button type="button" class="calendar_day z-5" data-testid="day-2022-02-04">
              <!-- Half day for CheckIn -->
              <!--v-if-->
              <!-- Half day for CheckOut -->
              <!--v-if-->
              <!-- Half day for Booking and Periods  -->
              <!--v-if-->
              <!--v-if--><span class="calendar_day--day-number">4</span>
            </button>
          </div>
          <div class="calendar_day-wrap calendar_day-wrap-tooltip--right calendar_day-wrap--disabled" data-testid="daywrap-2022-02-05">
            <!--v-if--><button type="button" class="calendar_day z-5" data-testid="day-2022-02-05">
              <!-- Half day for CheckIn -->
              <!--v-if-->
              <!-- Half day for CheckOut -->
              <!--v-if-->
              <!-- Half day for Booking and Periods  -->
              <!--v-if-->
              <!--v-if--><span class="calendar_day--day-number">5</span>
            </button>
          </div>
          <div class="calendar_day-wrap calendar_day-wrap-tooltip--right calendar_day-wrap--disabled" data-testid="daywrap-2022-02-06">
            <!--v-if--><button type="button" class="calendar_day z-5" data-testid="day-2022-02-06">
              <!-- Half day for CheckIn -->
              <!--v-if-->
              <!-- Half day for CheckOut -->
              <!--v-if-->
              <!-- Half day for Booking and Periods  -->
              <!--v-if-->
              <!--v-if--><span class="calendar_day--day-number">6</span>
            </button>
          </div>
          <div class="calendar_day-wrap calendar_day-wrap-tooltip--left calendar_day-wrap--disabled" data-testid="daywrap-2022-02-07">
            <!--v-if--><button type="button" class="calendar_day z-5" data-testid="day-2022-02-07">
              <!-- Half day for CheckIn -->
              <!--v-if-->
              <!-- Half day for CheckOut -->
              <!--v-if-->
              <!-- Half day for Booking and Periods  -->
              <!--v-if-->
              <!--v-if--><span class="calendar_day--day-number">7</span>
            </button>
          </div>
          <div class="calendar_day-wrap calendar_day-wrap-tooltip--left calendar_day-wrap--disabled" data-testid="daywrap-2022-02-08">
            <!--v-if--><button type="button" class="calendar_day z-5" data-testid="day-2022-02-08">
              <!-- Half day for CheckIn -->
              <!--v-if-->
              <!-- Half day for CheckOut -->
              <!--v-if-->
              <!-- Half day for Booking and Periods  -->
              <!--v-if-->
              <!--v-if--><span class="calendar_day--day-number">8</span>
            </button>
          </div>
          <div class="calendar_day-wrap calendar_day-wrap-tooltip--center calendar_day-wrap--disabled" data-testid="daywrap-2022-02-09">
            <!--v-if--><button type="button" class="calendar_day z-5" data-testid="day-2022-02-09">
              <!-- Half day for CheckIn -->
              <!--v-if-->
              <!-- Half day for CheckOut -->
              <!--v-if-->
              <!-- Half day for Booking and Periods  -->
              <!--v-if-->
              <!--v-if--><span class="calendar_day--day-number">9</span>
            </button>
          </div>
          <div class="calendar_day-wrap calendar_day-wrap-tooltip--center calendar_day-wrap--disabled" data-testid="daywrap-2022-02-10">
            <!--v-if--><button type="button" class="calendar_day z-5" data-testid="day-2022-02-10">
              <!-- Half day for CheckIn -->
              <!--v-if-->
              <!-- Half day for CheckOut -->
              <!--v-if-->
              <!-- Half day for Booking and Periods  -->
              <!--v-if-->
              <!--v-if--><span class="calendar_day--day-number">10</span>
            </button>
          </div>
          <div class="calendar_day-wrap calendar_day-wrap-tooltip--center calendar_day-wrap--disabled" data-testid="daywrap-2022-02-11">
            <!--v-if--><button type="button" class="calendar_day z-5" data-testid="day-2022-02-11">
              <!-- Half day for CheckIn -->
              <!--v-if-->
              <!-- Half day for CheckOut -->
              <!--v-if-->
              <!-- Half day for Booking and Periods  -->
              <!--v-if-->
              <!--v-if--><span class="calendar_day--day-number">11</span>
            </button>
          </div>
          <div class="calendar_day-wrap calendar_day-wrap-tooltip--right calendar_day-wrap--disabled" data-testid="daywrap-2022-02-12">
            <!--v-if--><button type="button" class="calendar_day z-5" data-testid="day-2022-02-12">
              <!-- Half day for CheckIn -->
              <!--v-if-->
              <!-- Half day for CheckOut -->
              <!--v-if-->
              <!-- Half day for Booking and Periods  -->
              <!--v-if-->
              <!--v-if--><span class="calendar_day--day-number">12</span>
            </button>
          </div>
          <div class="calendar_day-wrap calendar_day-wrap-tooltip--right calendar_day-wrap--disabled" data-testid="daywrap-2022-02-13">
            <!--v-if--><button type="button" class="calendar_day z-5" data-testid="day-2022-02-13">
              <!-- Half day for CheckIn -->
              <!--v-if-->
              <!-- Half day for CheckOut -->
              <!--v-if-->
              <!-- Half day for Booking and Periods  -->
              <!--v-if-->
              <!--v-if--><span class="calendar_day--day-number">13</span>
            </button>
          </div>
          <div class="calendar_day-wrap calendar_day-wrap-tooltip--left calendar_day-wrap--disabled" data-testid="daywrap-2022-02-14">
            <!--v-if--><button type="button" class="calendar_day z-5" data-testid="day-2022-02-14">
              <!-- Half day for CheckIn -->
              <!--v-if-->
              <!-- Half day for CheckOut -->
              <!--v-if-->
              <!-- Half day for Booking and Periods  -->
              <!--v-if-->
              <!--v-if--><span class="calendar_day--day-number">14</span>
            </button>
          </div>
          <div class="calendar_day-wrap calendar_day-wrap-tooltip--left calendar_day-wrap--disabled" data-testid="daywrap-2022-02-15">
            <!--v-if--><button type="button" class="calendar_day z-5" data-testid="day-2022-02-15">
              <!-- Half day for CheckIn -->
              <!--v-if-->
              <!-- Half day for CheckOut -->
              <!--v-if-->
              <!-- Half day for Booking and Periods  -->
              <!--v-if-->
              <!--v-if--><span class="calendar_day--day-number">15</span>
            </button>
          </div>
          <div class="calendar_day-wrap calendar_day-wrap-tooltip--center calendar_day-wrap--disabled" data-testid="daywrap-2022-02-16">
            <!--v-if--><button type="button" class="calendar_day z-5" data-testid="day-2022-02-16">
              <!-- Half day for CheckIn -->
              <!--v-if-->
              <!-- Half day for CheckOut -->
              <!--v-if-->
              <!-- Half day for Booking and Periods  -->
              <!--v-if-->
              <!--v-if--><span class="calendar_day--day-number">16</span>
            </button>
          </div>
          <div class="calendar_day-wrap calendar_day-wrap-tooltip--center calendar_day-wrap--disabled" data-testid="daywrap-2022-02-17">
            <!--v-if--><button type="button" class="calendar_day z-5" data-testid="day-2022-02-17">
              <!-- Half day for CheckIn -->
              <!--v-if-->
              <!-- Half day for CheckOut -->
              <!--v-if-->
              <!-- Half day for Booking and Periods  -->
              <!--v-if-->
              <!--v-if--><span class="calendar_day--day-number">17</span>
            </button>
          </div>
          <div class="calendar_day-wrap calendar_day-wrap-tooltip--center calendar_day-wrap--disabled" data-testid="daywrap-2022-02-18">
            <!--v-if--><button type="button" class="calendar_day z-5" data-testid="day-2022-02-18">
              <!-- Half day for CheckIn -->
              <!--v-if-->
              <!-- Half day for CheckOut -->
              <!--v-if-->
              <!-- Half day for Booking and Periods  -->
              <!--v-if-->
              <!--v-if--><span class="calendar_day--day-number">18</span>
            </button>
          </div>
          <div class="calendar_day-wrap calendar_day-wrap-tooltip--right calendar_day-wrap--disabled" data-testid="daywrap-2022-02-19">
            <!--v-if--><button type="button" class="calendar_day z-5" data-testid="day-2022-02-19">
              <!-- Half day for CheckIn -->
              <!--v-if-->
              <!-- Half day for CheckOut -->
              <!--v-if-->
              <!-- Half day for Booking and Periods  -->
              <!--v-if-->
              <!--v-if--><span class="calendar_day--day-number">19</span>
            </button>
          </div>
          <div class="calendar_day-wrap calendar_day-wrap-tooltip--right calendar_day-wrap--disabled" data-testid="daywrap-2022-02-20">
            <!--v-if--><button type="button" class="calendar_day z-5" data-testid="day-2022-02-20">
              <!-- Half day for CheckIn -->
              <!--v-if-->
              <!-- Half day for CheckOut -->
              <!--v-if-->
              <!-- Half day for Booking and Periods  -->
              <!--v-if-->
              <!--v-if--><span class="calendar_day--day-number">20</span>
            </button>
          </div>
          <div class="calendar_day-wrap calendar_day-wrap-tooltip--left calendar_day-wrap--disabled" data-testid="daywrap-2022-02-21">
            <!--v-if--><button type="button" class="calendar_day z-5" data-testid="day-2022-02-21">
              <!-- Half day for CheckIn -->
              <!--v-if-->
              <!-- Half day for CheckOut -->
              <!--v-if-->
              <!-- Half day for Booking and Periods  -->
              <!--v-if-->
              <!--v-if--><span class="calendar_day--day-number">21</span>
            </button>
          </div>
          <div class="calendar_day-wrap calendar_day-wrap-tooltip--left calendar_day-wrap--disabled" data-testid="daywrap-2022-02-22">
            <!--v-if--><button type="button" class="calendar_day z-5" data-testid="day-2022-02-22">
              <!-- Half day for CheckIn -->
              <!--v-if-->
              <!-- Half day for CheckOut -->
              <!--v-if-->
              <!-- Half day for Booking and Periods  -->
              <!--v-if-->
              <!--v-if--><span class="calendar_day--day-number">22</span>
            </button>
          </div>
          <div class="calendar_day-wrap calendar_day-wrap-tooltip--center calendar_day-wrap--disabled" data-testid="daywrap-2022-02-23">
            <!--v-if--><button type="button" class="calendar_day z-5" data-testid="day-2022-02-23">
              <!-- Half day for CheckIn -->
              <!--v-if-->
              <!-- Half day for CheckOut -->
              <!--v-if-->
              <!-- Half day for Booking and Periods  -->
              <!--v-if-->
              <!--v-if--><span class="calendar_day--day-number">23</span>
            </button>
          </div>
          <div class="calendar_day-wrap calendar_day-wrap-tooltip--center calendar_day-wrap--disabled" data-testid="daywrap-2022-02-24">
            <!--v-if--><button type="button" class="calendar_day z-5" data-testid="day-2022-02-24">
              <!-- Half day for CheckIn -->
              <!--v-if-->
              <!-- Half day for CheckOut -->
              <!--v-if-->
              <!-- Half day for Booking and Periods  -->
              <!--v-if-->
              <!--v-if--><span class="calendar_day--day-number">24</span>
            </button>
          </div>
          <div class="calendar_day-wrap calendar_day-wrap-tooltip--center calendar_day-wrap--disabled" data-testid="daywrap-2022-02-25">
            <!--v-if--><button type="button" class="calendar_day z-5" data-testid="day-2022-02-25">
              <!-- Half day for CheckIn -->
              <!--v-if-->
              <!-- Half day for CheckOut -->
              <!--v-if-->
              <!-- Half day for Booking and Periods  -->
              <!--v-if-->
              <!--v-if--><span class="calendar_day--day-number">25</span>
            </button>
          </div>
          <div class="calendar_day-wrap calendar_day-wrap-tooltip--right calendar_day-wrap--disabled" data-testid="daywrap-2022-02-26">
            <!--v-if--><button type="button" class="calendar_day z-5" data-testid="day-2022-02-26">
              <!-- Half day for CheckIn -->
              <!--v-if-->
              <!-- Half day for CheckOut -->
              <!--v-if-->
              <!-- Half day for Booking and Periods  -->
              <!--v-if-->
              <!--v-if--><span class="calendar_day--day-number">26</span>
            </button>
          </div>
          <div class="calendar_day-wrap calendar_day-wrap-tooltip--right calendar_day-wrap--disabled" data-testid="daywrap-2022-02-27">
            <!--v-if--><button type="button" class="calendar_day z-5" data-testid="day-2022-02-27">
              <!-- Half day for CheckIn -->
              <!--v-if-->
              <!-- Half day for CheckOut -->
              <!--v-if-->
              <!-- Half day for Booking and Periods  -->
              <!--v-if-->
              <!--v-if--><span class="calendar_day--day-number">27</span>
            </button>
          </div>
          <div class="calendar_day-wrap calendar_day-wrap-tooltip--left calendar_day-wrap--disabled" data-testid="daywrap-2022-02-28">
            <!--v-if--><button type="button" class="calendar_day z-5" data-testid="day-2022-02-28">
              <!-- Half day for CheckIn -->
              <!--v-if-->
              <!-- Half day for CheckOut -->
              <!--v-if-->
              <!-- Half day for Booking and Periods  -->
              <!--v-if-->
              <!--v-if--><span class="calendar_day--day-number">28</span>
            </button>
          </div>
          <div class="calendar_day-wrap calendar_day-wrap-tooltip--left calendar_day-wrap--no-border calendar_day-wrap--disabled" data-testid="daywrap-2022-03-01">
            <!--v-if--><span></span>
          </div>
          <div class="calendar_day-wrap calendar_day-wrap-tooltip--center calendar_day-wrap--no-border calendar_day-wrap--disabled" data-testid="daywrap-2022-03-02">
            <!--v-if--><span></span>
          </div>
          <div class="calendar_day-wrap calendar_day-wrap-tooltip--center calendar_day-wrap--no-border calendar_day-wrap--disabled" data-testid="daywrap-2022-03-03">
            <!--v-if--><span></span>
          </div>
          <div class="calendar_day-wrap calendar_day-wrap-tooltip--center calendar_day-wrap--no-border calendar_day-wrap--disabled" data-testid="daywrap-2022-03-04">
            <!--v-if--><span></span>
          </div>
          <div class="calendar_day-wrap calendar_day-wrap-tooltip--right calendar_day-wrap--no-border calendar_day-wrap--disabled" data-testid="daywrap-2022-03-05">
            <!--v-if--><span></span>
          </div>
          <div class="calendar_day-wrap calendar_day-wrap-tooltip--right calendar_day-wrap--no-border calendar_day-wrap--disabled" data-testid="daywrap-2022-03-06">
            <!--v-if--><span></span>
          </div>
          <div class="calendar_day-wrap calendar_day-wrap-tooltip--left calendar_day-wrap--no-border calendar_day-wrap--disabled" data-testid="daywrap-2022-03-07">
            <!--v-if--><span></span>
          </div>
          <div class="calendar_day-wrap calendar_day-wrap-tooltip--left calendar_day-wrap--no-border calendar_day-wrap--disabled" data-testid="daywrap-2022-03-08">
            <!--v-if--><span></span>
          </div>
          <div class="calendar_day-wrap calendar_day-wrap-tooltip--center calendar_day-wrap--no-border calendar_day-wrap--disabled" data-testid="daywrap-2022-03-09">
            <!--v-if--><span></span>
          </div>
          <div class="calendar_day-wrap calendar_day-wrap-tooltip--center calendar_day-wrap--no-border calendar_day-wrap--disabled" data-testid="daywrap-2022-03-10">
            <!--v-if--><span></span>
          </div>
          <div class="calendar_day-wrap calendar_day-wrap-tooltip--center calendar_day-wrap--no-border calendar_day-wrap--disabled" data-testid="daywrap-2022-03-11">
            <!--v-if--><span></span>
          </div>
          <div class="calendar_day-wrap calendar_day-wrap-tooltip--right calendar_day-wrap--no-border calendar_day-wrap--disabled" data-testid="daywrap-2022-03-12">
            <!--v-if--><span></span>
          </div>
          <div class="calendar_day-wrap calendar_day-wrap-tooltip--right calendar_day-wrap--no-border calendar_day-wrap--disabled" data-testid="daywrap-2022-03-13">
            <!--v-if--><span></span>
          </div>
        </div>
      </div>
    </div>
    <!--v-if-->
  </div>
</div>"
`;
